// Jest Snapshot v1, https://goo.gl/fbAQLP

exports[`<Player /> renders the <Player /> with a bunny video 1`] = `
<div
  class="player__Container-sc-25m8k-0"
>
  <button
    class="player__Button-sc-25m8k-4 hwIkJp"
  >
    Play
  </button>
</div>
`;
